MAP
    NAME "MapviewDemo"
    EXTENT -1981303.751 5648520.031 522771.571 8580038.317
    CONFIG "PROJ_LIB" "\\MapServer\bin\proj7\SHARE"
    CONFIG "MS_ERRORFILE" "log/mapserver.log"
    CONFIG "CPL_DEBUG" "OFF"
    FONTSET "fonts/fontset.txt"
    DEBUG OFF
    IMAGETYPE png24
    SIZE 400 300
    WEB
      METADATA
        "ows_enable_request" "*"
        "wfs_onlineresource" "http://mapserver.compass.ie/mapserver/?map=/MapServer/apps/mapview-demo/example.map&"
        #"wfs_onlineresource" "http://localhost/mapserver2/?map=/MapServer/apps/mapview-demo/example.map&"
        "wfs_srs" "EPSG:3857 EPSG:2157 EPSG:29902 EPSG:4326 EPSG:3978"
        "wfs_getfeature_formatlist" "gml,geojson,json,application/json"
        "wms_getfeatureinfo_formatlist" "gml,geojson,json,application/json"

        "wfs_compute_number_matched" "true"
        #"wfs_features_cache_count" "10000"
      END
    END
    OUTPUTFORMAT
        NAME "mvt"
        DRIVER MVT
        #FORMATOPTION "EXTENT=512" # default is 4096
        FORMATOPTION "EDGE_BUFFER=20"
    END
    
    OUTPUTFORMAT
        NAME "png"
        MIMETYPE "image/png"
        DRIVER "GDAL/PNG"
        EXTENSION "png"
        IMAGEMODE RGBA
        TRANSPARENT TRUE
    END
    
    OUTPUTFORMAT
        NAME "application/json"
        DRIVER "OGR/GEOJSON"
        MIMETYPE "application/json; subtype=geojson; charset=utf-8"
        FORMATOPTION "FORM=SIMPLE"
        FORMATOPTION "STORAGE=memory"
        FORMATOPTION "USE_FEATUREID=true" # adds a id property to each record that OL then automatically sets on each feature
        FORMATOPTION "LCO:NATIVE_MEDIA_TYPE=application/vnd.geo+json"
    END
    
    OUTPUTFORMAT
        NAME "json"
        DRIVER "OGR/GEOJSON"
        MIMETYPE "application/json; subtype=geojson; charset=utf-8"
        FORMATOPTION "FORM=SIMPLE"
        FORMATOPTION "STORAGE=memory" # filesystem and memory both work (only use one)
        FORMATOPTION "LCO:NATIVE_MEDIA_TYPE=application/vnd.geo+json"
    END
    
    OUTPUTFORMAT
        NAME "geojson"
        DRIVER "OGR/GEOJSON"
        MIMETYPE "application/json; subtype=geojson; charset=utf-8"
        FORMATOPTION "FORM=SIMPLE"
        FORMATOPTION "STORAGE=memory" # filesystem and memory both work (only use one)
        FORMATOPTION "LCO:NATIVE_MEDIA_TYPE=application/vnd.geo+json"
    END
    
    LEGEND
      KEYSIZE 12 12
      LABEL
        TYPE BITMAP
        SIZE MEDIUM
        COLOR 0 0 89
      END
    END
    PROJECTION
      "init=epsg:3857"
    END
    SYMBOL
        TYPE ellipse
        FILLED true
        POINTS 1 1 END
        NAME "filled_circle"
    END
    SYMBOL
        TYPE ellipse
        POINTS 1 1 END
        NAME "ring"
    END
    SYMBOL
        NAME "cross"
        TYPE vector
        POINTS
          2.0 0.0
          2.0 4.0
          -99 -99
          0.0 2.0
          4.0 2.0
        END
    END
    SYMBOL
      NAME "triangle"
      TYPE vector
      POINTS
        0 4
        2 0
        4 4
        0 4
      END
    END
    LAYER
      NAME "ferry_routes"
      TEMPLATE "ttt"
      DATA 'data/Ferry_Route.shp'
      PROJECTION
        "init=epsg:4326"
      END
      METADATA
          "gml_include_items" "all"
          "gml_types" "auto"
          "gml_featureid" "gml_id"
      END      
      TYPE LINE
      CLASS
        NAME 'FerryRoutes'
        STYLE
          COLOR '#12CBE5'
          WIDTH 1.2
          PATTERN 10 5 5 10 END
        END
      END
    END

    LAYER
      NAME "tourist_info"
      TEMPLATE "ttt"
      DATA 'data/pois.shp'
      PROJECTION
        "init=epsg:3857"
      END
      TYPE POINT
      METADATA
          "gml_include_items" "all"
          "gml_types" "auto"
          "gml_featureid" "osm_id"
      END      
      CLASSITEM "fclass"
      CLASS
          EXPRESSION ("[fclass]" = "tourist_info")
          NAME 'POI: Tourist Info'
          STYLE
            SYMBOL "triangle"
            SIZE 2
            COLOR "#fabebe"
          END
      END
    END

    LAYER
      NAME "ruins"
      TEMPLATE "ttt"
      CONNECTIONTYPE OGR
      CONNECTION 'data/pois.shp'
      METADATA
          
          "ows_title" "Ruins"
          "ows_abstract" "Extract of ruins from OSM"
          "ows_keywordlist" "ruins,buildings"
          "ows_attribution_title" "OSM"

          "gml_include_items" "all"
          "gml_types" "auto"
          "gml_featureid" "osm_id"
      END      
      #DATA "pois"
      #DATA 'data/pois.shp'
      #DATA "data/pois"
      PROJECTION
        "init=epsg:3857"
      END

      TYPE POINT
      FILTER ("[fclass]" = "ruins")
      CLASS
          #EXPRESSION ("[fclass]" = "ruins")
          NAME 'POI: Ruins'
          STYLE
            SYMBOL "cross"
            SIZE 8
            COLOR "#ffd966"
          END
      END
    END

    LAYER
      NAME "Boreholes"
      TEMPLATE "ttt"
      METADATA
        "wfs_srs" "epsg:29902"
        "ows_timeextent" "1900/2040"
        "ows_timeitem" "YEAR"
        "gml_include_items" "all"
        "gml_types" "auto"
        "gml_featureid" "ID"
      END     

      DATA 'data/BoreholesING.shp'
      PROJECTION
        "init=epsg:29902"
      END
      TYPE POINT
      CLASSGROUP "Type"
      CLASS
        GROUP "Type"
        EXPRESSION ("[COMP]" = "AMAX")
        NAME 'AMAX'
        STYLE
          SYMBOL "filled_circle"
          SIZE 3
          COLOR 255 0 0
          OUTLINECOLOR 0 0 255
        END 
      END
      CLASS
        GROUP "Type"      
        EXPRESSION ("[COMP]" = "AMOC")
        NAME 'AMOC'
        STYLE
          SYMBOL "filled_circle"
          SIZE 3
          COLOR 0 255 0
        END 
      END
      CLASS
        GROUP "Type"
        EXPRESSION ("[COMP]" = "AVOC")
        NAME 'AVOC'
        STYLE
          SYMBOL "filled_circle"
          SIZE 3
          COLOR 0 255 255
        END 
      END
      CLASS
        GROUP "Type"
        EXPRESSION ("[COMP]" = "CHEV")
        NAME 'CHEV'
        STYLE
          SYMBOL "filled_circle"
          SIZE 3
          COLOR 255 255 0
        END 
      END
      CLASS
        GROUP "Type"
        EXPRESSION ("[COMP]" = "ROAD")
        NAME 'ROAD'
        STYLE
          SYMBOL "filled_circle"
          SIZE 3
          COLOR 255 225 255
        END 
      END
      CLASS
        GROUP "Type"
        EXPRESSION ("[COMP]" = "GSI")
        NAME 'GSI'
        STYLE
          SYMBOL "filled_circle"
          SIZE 3
          COLOR 68 192 170
        END 
      END
      CLASS
        GROUP "Type"
        EXPRESSION ("[COMP]" = "SHAL")
        NAME 'SHAL'
        STYLE
          SYMBOL "filled_circle"
          SIZE 3
          COLOR 227 33 132
        END 
      END
      CLASS
        GROUP "Type"
        EXPRESSION ("[COMP]" = "PENN")
        NAME 'PENN'
        STYLE
          SYMBOL "filled_circle"
          SIZE 3
          COLOR 25 33 132
        END 
      END
      
      CLASS
        GROUP "Depth"
        EXPRESSION ([OD_METRES] >= 0 AND [OD_METRES] <= 50)
        NAME '0 to 50m'
        STYLE
          SYMBOL "filled_circle"
          SIZE 3
          COLOR 68 192 170
        END 
      END
      CLASS
        GROUP "Depth"
        EXPRESSION ([OD_METRES] > 50 AND [OD_METRES] <= 100)
        NAME '0 to 100m'
        STYLE
          SYMBOL "filled_circle"
          SIZE 3
          COLOR 227 33 132
        END 
      END
      CLASS
        GROUP "Depth"
        EXPRESSION ([OD_METRES] > 100)
        NAME '> 100m'
        STYLE
          SYMBOL "filled_circle"
          SIZE 3
          COLOR 25 33 132
        END 
      END

      CLASS
        GROUP "Unthemed"
        NAME 'Borehole'
        STYLE
          SYMBOL "filled_circle"
          SIZE 6
          COLOR 50 50 50
          OUTLINECOLOR 0 0 0
        END 
      END

    CLASS
        GROUP "labels"
        TEXT "[ID]"
        LABEL
            ANGLE AUTO
            COLOR  49 79 79
            OUTLINECOLOR 255 255 255
            FONT "arial"
            TYPE truetype
            SIZE 10
            POSITION AUTO
            PARTIALS FALSE
        END
    END

    END

    LAYER
      NAME "waterbodies"
      DATA 'data/waterbodies.shp'
      TEMPLATE 'ttt'
      METADATA
          "gml_include_items" "all"
          "gml_types" "auto"
          "gml_featureid" "osm_id"
      END
      PROJECTION
        "init=epsg:3857"
      END
      TYPE POLYGON

      CLASSGROUP "Waterbodies"

      CLASS
        GROUP "Waterbodies"
        NAME 'Waterbodies'
        STYLE
          COLOR '#365F83'
        END
      END 

      CLASS
        GROUP "Type"
        EXPRESSION ("[fclass]" = "dock")
        NAME 'Dock'
        STYLE
          COLOR '#f7fbff'
        END 
      END
      CLASS
        GROUP "Type"
        EXPRESSION ("[fclass]" = "reservoir")
        NAME 'Reservoir'
        STYLE
          COLOR '#d1e3f3'
        END 
      END
      CLASS
        GROUP "Type"
        EXPRESSION ("[fclass]" = "river")
        NAME 'River'
        STYLE
          COLOR '#9ac8e1'
        END 
      END
      CLASS
        GROUP "Type"
        EXPRESSION ("[fclass]" = "water")
        NAME 'Water'
        STYLE
          COLOR '#529dcc'
        END 
      END
      CLASS
        GROUP "Type"
        EXPRESSION ("[fclass]" = "wetland")
        NAME 'Wetland'
        STYLE
          COLOR '#1c6cb1'
        END 
      END
      CLASS
        GROUP "Type"
        NAME 'Other'
        STYLE
          COLOR '#08306b'
        END 
      END
      
      CLASS
          GROUP "labels"
          TEXT "[osm_id]"
          LABEL
              ANGLE AUTO
              COLOR  49 79 79
              OUTLINECOLOR 255 255 255
              FONT "arial"
              TYPE truetype
              SIZE 10
              POSITION AUTO
              PARTIALS FALSE
          END
      END
    END

    LAYER
      NAME "waterways"
      DATA 'data/waterways.shp'
      METADATA
          "gml_include_items" "all"
          "gml_types" "auto"
          "gml_featureid" "osm_id"
      END
      PROJECTION
        "init=epsg:3857"
      END
      TYPE LINE
      COMPOSITE
        OPACITY 50
      END # COMPOSITE
      CLASS
        GROUP 'Waterways'
        NAME 'Waterways'
        STYLE
          COLOR '#365F83'
          WIDTH 1.2
        END
      END 
    END

    LAYER
      NAME "edges"
      DATA 'data/edges.shp'
      METADATA
          "gml_include_items" "all"
          "gml_types" "auto"
          "gml_featureid" "EdgeId"
      END
      PROJECTION
        "init=epsg:3857"
      END
      TYPE LINE
      CLASS
        GROUP 'Edges'
        NAME 'Edges'
        STYLE
          COLOR 2 2 2
          WIDTH 1.2
        END
      END 
    END

    LAYER
      NAME "nodes"
      DATA 'data/nodes.shp'
      METADATA
          "gml_include_items" "all"
          "gml_types" "auto"
          "gml_featureid" "NodeId"
      END
      PROJECTION
        "init=epsg:3857"
      END
      TYPE POINT
      CLASS
        GROUP 'Nodes'
        NAME 'Nodes'
        STYLE
          COLOR 2 2 2
          SYMBOL "filled_circle"
          SIZE 5
        END
      END 
    END
    
    LAYER
      NAME "polygons"
      DATA 'data/polygons.shp'
      METADATA
          "gml_include_items" "all"
          "gml_types" "auto"
          "gml_featureid" "PolygonId"
      END
      PROJECTION
        "init=epsg:3857"
      END
      TYPE POLYGON
      CLASS
        GROUP 'Polygons'
        NAME 'Polygons'
        STYLE
          OUTLINECOLOR 50 50 50
        END
      END 
    END    

    LAYER
      NAME "municipal_bounds"
      TEMPLATE "ttt"
      DATA 'data/Municipal_Districts__OSi_National_Statutory_Boundaries_3857.shp'
      PROJECTION
        "init=epsg:3857"
      END
      TYPE POLYGON
      METADATA
          "gml_include_items" "all"
          "gml_types" "auto"
          "gml_featureid" "md_id"
      END
      CLASS
        NAME 'Bounds'
        STYLE
          #COLOR 150 150 150
          OUTLINECOLOR 225 225 225
        END # STYLE
      END # CLASS
    END # LAYER

    LAYER
      NAME "cemeteries"
      TEMPLATE "ttt"
      #DATA 'data/cemeteries.shp'

      CONNECTIONTYPE OGR
      CONNECTION 'data/cemeteries.shp'

      PROJECTION
        "init=epsg:3857"
      END
      TYPE POLYGON
      METADATA
          "gml_include_items" "all"
          "gml_types" "auto"
          "gml_featureid" "osm_id"
      END
      CLASS
        NAME 'Cemeteries'
        STYLE
          COLOR 244 123 233
        END # STYLE
      END # CLASS
    END # LAYER


    LAYER
      NAME "lasites"
      DEBUG 5
      TEMPLATE "ttt"

      CONNECTIONTYPE OGR
      CONNECTION 'data/Local_Authority_Sites.shp'

      PROJECTION
        "init=epsg:2157"
      END
      TYPE POINT
      METADATA
          "gml_include_items" "all"
          "gml_types" "auto"
          "gml_featureid" "OBJECTID"
      END
      CLASS
        NAME 'Sites'
        STYLE
          SYMBOL "filled_circle"
          SIZE 5        
          COLOR 218 112 214
        END # STYLE
      END # CLASS
    END # LAYER
    
END


